---
source: tests/derive.rs
expression: "{\n    let mut val = [Demo { foo: 5, bar: \"hello\" }; 10];\n    val[6].bar = \"Hello, world! I am a very long string\";\n    val\n}"
---
>>> pretty
[
    Demo { foo: 5, bar: "hello" },
    Demo { foo: 5, bar: "hello" },
    Demo { foo: 5, bar: "hello" },
    Demo { foo: 5, bar: "hello" },
    Demo { foo: 5, bar: "hello" },
    Demo { foo: 5, bar: "hello" },
    Demo {
        foo: 5,
        bar: "Hello, world! I am a very long string",
    },
    Demo { foo: 5, bar: "hello" },
    Demo { foo: 5, bar: "hello" },
    Demo { foo: 5, bar: "hello" },
]

>>> color
[31m[[0m
    [32mDemo[0m [31m{[0m foo[31m:[0m 5[31m,[0m bar[31m:[0m [33m[31m"[33mhello[31m"[33m[0m [31m}[0m[31m,[0m
    [32mDemo[0m [31m{[0m foo[31m:[0m 5[31m,[0m bar[31m:[0m [33m[31m"[33mhello[31m"[33m[0m [31m}[0m[31m,[0m
    [32mDemo[0m [31m{[0m foo[31m:[0m 5[31m,[0m bar[31m:[0m [33m[31m"[33mhello[31m"[33m[0m [31m}[0m[31m,[0m
    [32mDemo[0m [31m{[0m foo[31m:[0m 5[31m,[0m bar[31m:[0m [33m[31m"[33mhello[31m"[33m[0m [31m}[0m[31m,[0m
    [32mDemo[0m [31m{[0m foo[31m:[0m 5[31m,[0m bar[31m:[0m [33m[31m"[33mhello[31m"[33m[0m [31m}[0m[31m,[0m
    [32mDemo[0m [31m{[0m foo[31m:[0m 5[31m,[0m bar[31m:[0m [33m[31m"[33mhello[31m"[33m[0m [31m}[0m[31m,[0m
    [32mDemo[0m [31m{[0m
        foo[31m:[0m 5[31m,[0m
        bar[31m:[0m [33m[31m"[33mHello, world! I am a very long string[31m"[33m[0m[31m,[0m
    [31m}[0m[31m,[0m
    [32mDemo[0m [31m{[0m foo[31m:[0m 5[31m,[0m bar[31m:[0m [33m[31m"[33mhello[31m"[33m[0m [31m}[0m[31m,[0m
    [32mDemo[0m [31m{[0m foo[31m:[0m 5[31m,[0m bar[31m:[0m [33m[31m"[33mhello[31m"[33m[0m [31m}[0m[31m,[0m
    [32mDemo[0m [31m{[0m foo[31m:[0m 5[31m,[0m bar[31m:[0m [33m[31m"[33mhello[31m"[33m[0m [31m}[0m[31m,[0m
[31m][0m


