---
source: tests/derive.rs
expression: "Demo { foo: 5, bar: \"Hello, world! I am a very long string\" }"
---
>>> pretty
Demo {
    foo: 5,
    bar: "Hello, world! I am a very long string",
}

>>> color
[32mDemo[0m [31m{[0m
    foo[31m:[0m 5[31m,[0m
    bar[31m:[0m [33m[31m"[33mHello, world! I am a very long string[31m"[33m[0m[31m,[0m
[31m}[0m


