---
source: tests/syn.rs
expression: "\n            [\n                \"Hello, World! I am a long string\",\n                420,\n                \"Wait, you can't mix and match types in arrays, is this python?\",\n                69,\n                \"Nice.\"\n            ]\n        "
---
pretty:
Array(ExprArray {
    attrs: [],
    bracket_token: Bracket,
    elems: [
        Lit(ExprLit {
            attrs: [],
            lit: Str(LitStr {
                token: "Hello, World! I am a long string",
            }),
        }),
        Comma,
        Lit(ExprLit {
            attrs: [],
            lit: Int(LitInt { token: 420 }),
        }),
        Comma,
        Lit(ExprLit {
            attrs: [],
            lit: Str(LitStr {
                token: "Wait, you can't mix and match types in arrays, is this python?",
            }),
        }),
        Comma,
        Lit(ExprLit {
            attrs: [],
            lit: Int(LitInt { token: 69 }),
        }),
        Comma,
        Lit(ExprLit {
            attrs: [],
            lit: Str(LitStr { token: "Nice." }),
        }),
    ],
})

color:

[32mArray[0m[31m([0m[32mExprArray[0m [31m{[0m
    attrs[31m:[0m [31m[[0m[31m][0m[31m,[0m
    bracket_token[31m:[0m [32mBracket[0m[31m,[0m
    elems[31m:[0m [31m[[0m
        [32mLit[0m[31m([0m[32mExprLit[0m [31m{[0m
            attrs[31m:[0m [31m[[0m[31m][0m[31m,[0m
            lit[31m:[0m [32mStr[0m[31m([0m[32mLitStr[0m [31m{[0m
                token[31m:[0m [33m[0m[31m"[0m[33mHello, World! I am a long string[0m[31m"[0m[33m[0m[31m,[0m
            [31m}[0m[31m)[0m[31m,[0m
        [31m}[0m[31m)[0m[31m,[0m
        [32mComma[0m[31m,[0m
        [32mLit[0m[31m([0m[32mExprLit[0m [31m{[0m
            attrs[31m:[0m [31m[[0m[31m][0m[31m,[0m
            lit[31m:[0m [32mInt[0m[31m([0m[32mLitInt[0m [31m{[0m token[31m:[0m 420 [31m}[0m[31m)[0m[31m,[0m
        [31m}[0m[31m)[0m[31m,[0m
        [32mComma[0m[31m,[0m
        [32mLit[0m[31m([0m[32mExprLit[0m [31m{[0m
            attrs[31m:[0m [31m[[0m[31m][0m[31m,[0m
            lit[31m:[0m [32mStr[0m[31m([0m[32mLitStr[0m [31m{[0m
                token[31m:[0m [33m[0m[31m"[0m[33mWait, you can't mix and match types in arrays, is this python?[0m[31m"[0m[33m[0m[31m,[0m
            [31m}[0m[31m)[0m[31m,[0m
        [31m}[0m[31m)[0m[31m,[0m
        [32mComma[0m[31m,[0m
        [32mLit[0m[31m([0m[32mExprLit[0m [31m{[0m
            attrs[31m:[0m [31m[[0m[31m][0m[31m,[0m
            lit[31m:[0m [32mInt[0m[31m([0m[32mLitInt[0m [31m{[0m token[31m:[0m 69 [31m}[0m[31m)[0m[31m,[0m
        [31m}[0m[31m)[0m[31m,[0m
        [32mComma[0m[31m,[0m
        [32mLit[0m[31m([0m[32mExprLit[0m [31m{[0m
            attrs[31m:[0m [31m[[0m[31m][0m[31m,[0m
            lit[31m:[0m [32mStr[0m[31m([0m[32mLitStr[0m [31m{[0m token[31m:[0m [33m[0m[31m"[0m[33mNice.[0m[31m"[0m[33m[0m [31m}[0m[31m)[0m[31m,[0m
        [31m}[0m[31m)[0m[31m,[0m
    [31m][0m[31m,[0m
[31m}[0m[31m)[0m

