---
source: src/lib.rs
expression: "BTreeMap::from([(Demo { foo: 5, bar: \"hello\" }, 60),\n            (Demo { foo: 5, bar: \"Hello, world! I am a very long string\" },\n                12)])"
---
{
    [
        Demo {
            foo: 5,
            bar: "Hello, world! I am a very long string",
        },
    ] = 12;
    [Demo { foo: 5, bar: "hello" }] = 60;
}
